
> qstakebet-app@0.1.0 build
> next build

   Γû▓ Next.js 15.5.9
   - Environments: .env.local, .env

   Creating an optimized production build ...
 Γ£ô Compiled successfully in 4.2s
   Linting and checking validity of types ...

./app/account/profile/page.tsx
55:33  Warning: Using `<img>` could result in slower LCP and higher bandwidth. Consider using `<Image />` from `next/image` or a custom image loader to automatically optimize images. This may incur additional usage or cost from your provider. See: https://nextjs.org/docs/messages/no-img-element  @next/next/no-img-element

./app/admin/matches/MarketReviewModal.tsx
57:8  Warning: React Hook useEffect has a missing dependency: 'fetchSuggestions'. Either include it or remove the dependency array.  react-hooks/exhaustive-deps

./lib/admin-actions.ts
488:9  Warning: Unused eslint-disable directive (no problems were reported from '@typescript-eslint/no-explicit-any').

./lib/odds-engine.ts
102:9  Warning: Unused eslint-disable directive (no problems were reported from '@typescript-eslint/no-explicit-any').

info  - Need to disable some ESLint rules? Learn more here: https://nextjs.org/docs/app/api-reference/config/eslint#disabling-rules
node.exe : Failed to 
compile.
At line:1 char:1
+ & "C:\Program Files
\nodejs/node.exe" 
"C:\Program 
Files\nodejs/node_mo 
...
+ ~~~~~~~~~~~~~~~~~~~
~~~~~~~~~~~~~~~~~~~~~
~~~~~~~~~~~~~~~~~~~~~
~~~~~~~~
    + CategoryInfo   
           : NotSpe  
  cified: (Failed    
 to compile.:Stri    
ng) [], RemoteEx    
ception
    + FullyQualified 
   ErrorId : Native  
  CommandError
 

./app/admin/withdrawa
ls/page.tsx:51:30
Type error: Property 
'error' does not 
exist on type '{ 
success: boolean; } 
| { success: 
boolean; error: any; 
}'.
  Property 'error' 
does not exist on 
type '{ success: 
boolean; }'.

[0m [90m 49 |[39m 
                
loadRequests()
 [90m 50 |[39m     
        } 
[36melse[39m {
[31m[1m>[22m[39m
[90m 51 |[39m       
          alert(resul
t[33m.[39merror)
 [90m    |[39m     
                     
    
[31m[1m^[22m[39m
 [90m 52 |[39m     
        }
 [90m 53 |[39m     
    } 
[36mcatch[39m 
(error) {
 [90m 54 |[39m     
        console[33m.
[39merror([32m"Acti
on error:"[39m[33m,
[39m error)[0m
Next.js build worker 
exited with code: 1 
and signal: null
