
> qstakebet-app@0.1.0 build
> next build

   Γû▓ Next.js 15.5.9
   - Environments: .env.local, .env

   Creating an optimized production build ...
 Γ£ô Compiled successfully in 13.0s
   Linting and checking validity of types ...
node.exe : 
At line:1 char:1
+ & "C:\Program 
Files\nodejs/node.exe" 
"C:\Program 
Files\nodejs/node_mo ...
+ ~~~~~~~~~~~~~~~~~~~~~~~~~~~
~~~~~~~~~~~~~~~~~~~~~~~~~~~~~
~~~~~~~~~~~~~
    + CategoryInfo           
   : NotSpecified: (:String  
  ) [], RemoteException
    + FullyQualifiedErrorId  
   : NativeCommandError
 
Failed to compile.

./app/virtuals/VirtualsClient
.tsx
484:13  Error: Error: Cannot 
access variable before it is 
declared

`nextRound` is accessed 
before it is declared, which 
prevents the earlier access 
from updating when this 
value changes over time.

C:\Users\marcu\Desktop\QSTAKE
bet\app\virtuals\VirtualsClie
nt.tsx:484:13
  482 |         if 
(autoNextRoundCountdown <= 
0) {
  483 |             
setShowResultsModal(false);
> 484 |             
nextRound();
      |             
^^^^^^^^^ `nextRound` 
accessed before it is 
declared
  485 |             setAutoNe
xtRoundCountdown(null);
  486 |             return;
  487 |         }

C:\Users\marcu\Desktop\QSTAKE
bet\app\virtuals\VirtualsClie
nt.tsx:538:5
  536 |     }, 
[showResultsModal]);
  537 |
> 538 |     const nextRound 
= () => {
      |     
^^^^^^^^^^^^^^^^^^^^^^^^^
> 539 |         
setCurrentRound(prev => prev 
+ 1)
      | ^^^^^^^^^^^^^^^^^^^^^
^^^^^^^^^^^^^^^^^^^^
> 540 |         
setSelections([])
      | ^^^^^^^^^^^^^^^^^^^^^
^^^^^^^^^^^^^^^^^^^^
> 541 |         
setSimulationProgress(0)
      | ^^^^^^^^^^^^^^^^^^^^^
^^^^^^^^^^^^^^^^^^^^
> 542 |         
setIsSimulating(false)
      | ^^^^^^^^^^^^^^^^^^^^^
^^^^^^^^^^^^^^^^^^^^
> 543 |     }
      | ^^^^^^ `nextRound` 
is declared here
  544 |
  545 |     // Handle 
browser back button to 
advance to next round
  546 |     useEffect(() => 
{  react-hooks/immutability

info  - Need to disable some 
ESLint rules? Learn more 
here: https://nextjs.org/docs
/app/api-reference/config/esl
int#disabling-rules
